// Jest Snapshot v1, https://goo.gl/fbAQLP

exports[`Heading component Should match snapshot 1`] = `
.c0 {
  max-width: 100%;
  height: 27rem;
  display: flex;
  align-items: center;
  gap: 1rem;
  overflow-x: scroll;
}

.c0::-webkit-scrollbar {
  height: 0.5rem;
  background-color: #898A93;
}

.c0::-webkit-scrollbar-thumb {
  background-color: #F5D15F;
  border-radius: 0.5rem;
}

.c1 {
  width: 100%;
  height: 25rem;
  border-radius: 0.8rem;
}

@media screen and (min-width: 920px) {
  .c1 {
    width: 32rem;
  }
}

<div>
  <div
    class="c0"
  >
    <img
      alt="Image 1"
      class="c1"
      src="image1.jpg"
    />
    <img
      alt="Image 2"
      class="c1"
      src="image2.jpg"
    />
  </div>
</div>
`;
