// Jest Snapshot v1, https://goo.gl/fbAQLP

exports[`Text component Should match snapshot 1`] = `
.c0 {
  text-decoration: none;
  color: #FFF;
  font: 400 1.6rem/2.4rem "Heebo",sans-serif;
  position: relative;
}

@media (min-width: 920px) {
  .c0 {
    text-align: center;
    color: #FFF;
    margin-left: 5vw;
  }

  .c0:first-child {
    margin: 0;
  }

  .c0::after {
    content: '';
    position: absolute;
    bottom: 0;
    left: 50%;
    width: 0;
    height: 0.2rem;
    background: #F5D15F;
    transition: all 300ms ease-in-out;
  }

  .c0:hover::after {
    left: 0;
    width: 100%;
  }
}

<div>
  <a
    class="c0"
    href="#"
  />
</div>
`;
